Starting...
Started!
Context created: <Page url='about:blank'>
